// Jest Snapshot v1, https://jestjs.io/docs/snapshot-testing

exports[`Code blocks in rendered comment should not be clipped 1`] = `
"<p>A comment with</p>
<pre><code>code blocks
New line: preformatted

Double newline
</code></pre>"
`;

exports[`Simple comment text should render on one line 1`] = `"<p>A comment</p>"`;
